Info: Start Nativelink Simulation process

========= EDA Simulation Settings =====================

Sim Mode              :  Gate
Family                :  max10
Quartus root          :  /home/serein/intelFPGA_lite/23.1std/quartus/linux64/
Quartus sim root      :  /home/serein/intelFPGA_lite/23.1std/quartus/eda/sim_lib
Simulation Tool       :  questa intel fpga
Simulation Language   :  verilog
Simulation Mode       :  GUI
Sim Output File       :  alu.vo
Sim SDF file          :  alu__verilog.sdo
Sim dir               :  simulation/questa

=======================================================

Info: Starting NativeLink simulation with Questa Intel FPGA software
Sourced NativeLink script /home/serein/intelFPGA_lite/23.1std/quartus/common/tcl/internal/nativelink/modelsim.tcl
Warning: File alu_run_msim_gate_verilog.do already exists - backing up current file as alu_run_msim_gate_verilog.do.bak
Info: Spawning Questa Intel FPGA Simulation software 
Info: NativeLink simulation flow was successful
